compilation IS NOT required
compilation IS NOT required
compilation IS NOT required
compilation IS NOT required
compilation IS NOT required
