
<interactive>:1:1: Not in scope: data constructor ‘Test2’
